// Jest Snapshot v1, https://goo.gl/fbAQLP

exports[`Storyshots Button Primary 1`] = `
<button
  className="kuddus"
  type="submit"
>
  click here
</button>
`;
